// Jest Snapshot v1, https://goo.gl/fbAQLP

exports[`should correctly render Greeter 1`] = `
<div>
  Hello World from TS!
</div>
`;
